// Jest Snapshot v1, https://goo.gl/fbAQLP

exports[`App Snapshot renders 1`] = `
<div>
  <p>
    0
  </p>
  <button
    onClick={[Function]}
    type="button"
  >
    Increment
  </button>
  <button
    onClick={[Function]}
    type="button"
  >
    Decrement
  </button>
</div>
`;

exports[`Counter Snapshot renders 1`] = `
<p>
  1
</p>
`;
